// Jest Snapshot v1, https://goo.gl/fbAQLP

exports[`eslintrc.json use case 1 1`] = `
"{
  'plugins': [
    'graphql',
    'plugin-required-for-react-i-guess'
  ],
  'rules': {
    'graphql/template-strings': [
      'error',
      {
        'env': 'literal',
        'validators': 'all'
      }
    ],
    'graphql/no-deprecated-fields': [
      'error',
      {
        'env': 'literal'
      }
    ],
    'graphql/capitalized-type-name': [
      'error',
      {
        'env': 'literal'
      }
    ],
    'graphql/named-operations': [
      'error',
      {
        'env': 'literal'
      }
    ],
    'react/jsx-max-depth': [
      'error',
      {
        'max': 4
      }
    ],
    'react/no-access-state-in-setstate': 'error',
    'react/no-multi-comp': [
      'error',
      {
        'ignoreStateless': true
      }
    ],
    'react/jsx-pascal-case': 'error',
    'react/jsx-no-target-blank': 'error'
  },
  'parser': 'typescript-eslint-parser'
}
"
`;
